// Bun Snapshot v1, https://bun.sh/docs/test/snapshots

exports[`sot23_5 footprint should have a 3D model 1`] = `
{
  "anchor_alignment": "center_of_component_on_board_surface",
  "cad_component_id": "cad_component_0",
  "footprinter_string": "sot23_5",
  "model_board_normal_direction": undefined,
  "model_glb_url": undefined,
  "model_gltf_url": undefined,
  "model_jscad": undefined,
  "model_mtl_url": undefined,
  "model_obj_url": undefined,
  "model_origin_alignment": "center_of_component_on_board_surface",
  "model_origin_position": undefined,
  "model_step_url": undefined,
  "model_stl_url": undefined,
  "model_unit_to_mm_scale_factor": undefined,
  "model_wrl_url": undefined,
  "pcb_component_id": "pcb_component_0",
  "position": {
    "x": 0,
    "y": 0,
    "z": 0.7,
  },
  "rotation": {
    "x": 0,
    "y": 0,
    "z": 0,
  },
  "show_as_translucent_model": undefined,
  "source_component_id": "source_component_0",
  "type": "cad_component",
}
`;
